------------------------------------------------------------
Timing Analyzer Summary
------------------------------------------------------------

Type  : Slow 1100mV 100C Model Setup 'clk'
Slack : -2.970
TNS   : -62.421

Type  : Slow 1100mV 100C Model Hold 'clk'
Slack : 0.285
TNS   : 0.000

Type  : Slow 1100mV 100C Model Minimum Pulse Width 'clk'
Slack : -0.538
TNS   : -31.466

Type  : Slow 1100mV -40C Model Setup 'clk'
Slack : -3.374
TNS   : -69.650

Type  : Slow 1100mV -40C Model Hold 'clk'
Slack : 0.271
TNS   : 0.000

Type  : Slow 1100mV -40C Model Minimum Pulse Width 'clk'
Slack : -0.538
TNS   : -32.646

Type  : Fast 1100mV 100C Model Setup 'clk'
Slack : -0.933
TNS   : -15.719

Type  : Fast 1100mV 100C Model Hold 'clk'
Slack : 0.149
TNS   : 0.000

Type  : Fast 1100mV 100C Model Minimum Pulse Width 'clk'
Slack : -0.074
TNS   : -2.903

Type  : Fast 1100mV -40C Model Setup 'clk'
Slack : -0.781
TNS   : -13.024

Type  : Fast 1100mV -40C Model Hold 'clk'
Slack : 0.130
TNS   : 0.000

Type  : Fast 1100mV -40C Model Minimum Pulse Width 'clk'
Slack : -0.080
TNS   : -3.174

------------------------------------------------------------
