------------------------------------------------------------
Timing Analyzer Summary
------------------------------------------------------------

Type  : Slow 1100mV 100C Model Setup 'clk'
Slack : -1.927
TNS   : -82.282

Type  : Slow 1100mV 100C Model Hold 'clk'
Slack : 0.370
TNS   : 0.000

Type  : Slow 1100mV 100C Model Minimum Pulse Width 'clk'
Slack : -0.538
TNS   : -62.984

Type  : Slow 1100mV -40C Model Setup 'clk'
Slack : -2.163
TNS   : -89.860

Type  : Slow 1100mV -40C Model Hold 'clk'
Slack : 0.293
TNS   : 0.000

Type  : Slow 1100mV -40C Model Minimum Pulse Width 'clk'
Slack : -0.538
TNS   : -64.576

Type  : Fast 1100mV 100C Model Setup 'clk'
Slack : -0.401
TNS   : -12.409

Type  : Fast 1100mV 100C Model Hold 'clk'
Slack : 0.219
TNS   : 0.000

Type  : Fast 1100mV 100C Model Minimum Pulse Width 'clk'
Slack : -0.080
TNS   : -6.304

Type  : Fast 1100mV -40C Model Setup 'clk'
Slack : -0.300
TNS   : -8.034

Type  : Fast 1100mV -40C Model Hold 'clk'
Slack : 0.158
TNS   : 0.000

Type  : Fast 1100mV -40C Model Minimum Pulse Width 'clk'
Slack : -0.086
TNS   : -6.797

------------------------------------------------------------
